V3 27
FL /home/ise/vhdl/Testing_system/clock_filter.vhd 2021/11/19.11:32:59 P.20131013
EN work/clock_filter 1646423389 FL /home/ise/vhdl/Testing_system/clock_filter.vhd \
      PB ieee/std_logic_1164 1381692176 PB ieee/NUMERIC_STD 1381692181
AR work/clock_filter/Behavioral 1646423390 \
      FL /home/ise/vhdl/Testing_system/clock_filter.vhd EN work/clock_filter 1646423389
FL /home/ise/vhdl/Testing_system/Counter_address.vhd 2021/11/19.10:34:04 P.20131013
EN work/Counter_address 1646423393 \
      FL /home/ise/vhdl/Testing_system/Counter_address.vhd PB ieee/std_logic_1164 1381692176 \
      PB ieee/NUMERIC_STD 1381692181
AR work/Counter_address/Behavioral 1646423394 \
      FL /home/ise/vhdl/Testing_system/Counter_address.vhd \
      EN work/Counter_address 1646423393
FL /home/ise/vhdl/Testing_system/Macchina_combinatoria.vhd 2021/11/19.08:33:16 P.20131013
EN work/Macchina_combinatoria 1637321893 \
      FL /home/ise/vhdl/Testing_system/Macchina_combinatoria.vhd \
      PB ieee/std_logic_1164 1381692176
AR work/Macchina_combinatoria/Behavioral 1637321894 \
      FL /home/ise/vhdl/Testing_system/Macchina_combinatoria.vhd \
      EN work/Macchina_combinatoria 1637321893
FL /home/ise/vhdl/Testing_system/mux_2_1.vhd 2021/11/17.14:35:22 P.20131013
EN work/mux_2_1 1646423387 FL /home/ise/vhdl/Testing_system/mux_2_1.vhd \
      PB ieee/std_logic_1164 1381692176
AR work/mux_2_1/Dataflow 1646423388 \
      FL /home/ise/vhdl/Testing_system/mux_2_1.vhd EN work/mux_2_1 1646423387
FL /home/ise/vhdl/Testing_system/RAM.vhd 2021/11/19.10:48:40 P.20131013
EN work/RAM 1646423391 FL /home/ise/vhdl/Testing_system/RAM.vhd \
      PB ieee/std_logic_1164 1381692176 PB ieee/STD_LOGIC_UNSIGNED 1381692179
AR work/RAM/Behavioral 1646423392 \
      FL /home/ise/vhdl/Testing_system/RAM.vhd EN work/RAM 1646423391
FL /home/ise/vhdl/Testing_system/ROM.vhd 2021/11/19.08:41:25 P.20131013
EN work/ROM 1646423385 FL /home/ise/vhdl/Testing_system/ROM.vhd \
      PB ieee/std_logic_1164 1381692176 PB ieee/STD_LOGIC_UNSIGNED 1381692179
AR work/ROM/behavioral 1646423386 \
      FL /home/ise/vhdl/Testing_system/ROM.vhd EN work/ROM 1646423385
FL /home/ise/vhdl/Testing_system/Test_system.vhd 2022/03/05.18:24:55 P.20131013
EN work/Test_system 1646423395 FL /home/ise/vhdl/Testing_system/Test_system.vhd \
      PB ieee/std_logic_1164 1381692176
AR work/Test_system/Behavioral 1646423396 \
      FL /home/ise/vhdl/Testing_system/Test_system.vhd EN work/Test_system 1646423395 \
      CP ROM CP Macchina_combinatoria CP mux_2_1 CP clock_filter CP RAM \
      CP Counter_address
