AR ricevitore structural /home/ise/vhdl/seriale_1/seriale2_brd/Ricevitore.vhd sub00/vhpl19 1662557722
AR uartcomponent behavioral /home/ise/vhdl/seriale_1/seriale2_brd/RS232RefComp.vhd sub00/vhpl03 1662557706
EN clock_filter NULL /home/ise/vhdl/seriale_1/seriale2_brd/clock_filter.vhd sub00/vhpl22 1662554230
EN rom NULL /home/ise/vhdl/seriale_1/seriale2_brd/ROM.vhd sub00/vhpl12 1662557715
EN buttondebouncer NULL /home/ise/vhdl/seriale_1/seriale2_brd/ButtonDebouncer.vhd sub00/vhpl14 1662557717
EN uartcomponent NULL /home/ise/vhdl/seriale_1/seriale2_brd/RS232RefComp.vhd sub00/vhpl02 1662557705
AR rom behavioral /home/ise/vhdl/seriale_1/seriale2_brd/ROM.vhd sub00/vhpl13 1662557716
EN fsm_trasmettitore NULL /home/ise/vhdl/seriale_1/seriale2_brd/fsm_transmettitore.vhd sub00/vhpl10 1662557713
AR fsm_trasmettitore behavioral /home/ise/vhdl/seriale_1/seriale2_brd/fsm_transmettitore.vhd sub00/vhpl11 1662557714
AR buttondebouncer behavioral /home/ise/vhdl/seriale_1/seriale2_brd/ButtonDebouncer.vhd sub00/vhpl15 1662557718
EN trasmettitore NULL /home/ise/vhdl/seriale_1/seriale2_brd/Trasmettitore.vhd sub00/vhpl16 1662557719
EN fsm_ricevitore NULL /home/ise/vhdl/seriale_1/seriale2_brd/fsm_ricevitore.vhd sub00/vhpl00 1662557703
EN counter_mod8 NULL /home/ise/vhdl/seriale_1/seriale2_brd/counter_mod8.vhd sub00/vhpl04 1662557707
EN ricevitore NULL /home/ise/vhdl/seriale_1/seriale2_brd/Ricevitore.vhd sub00/vhpl18 1662557721
AR trasmettitore structural /home/ise/vhdl/seriale_1/seriale2_brd/Trasmettitore.vhd sub00/vhpl17 1662557720
AR clock_filter behavioral /home/ise/vhdl/seriale_1/seriale2_brd/clock_filter.vhd sub00/vhpl23 1662554231
AR fsm_ricevitore behavioral /home/ise/vhdl/seriale_1/seriale2_brd/fsm_ricevitore.vhd sub00/vhpl01 1662557704
EN encoder NULL /home/ise/vhdl/seriale_1/seriale2_brd/Encoder_8_3.vhd sub00/vhpl06 1662557709
EN system NULL /home/ise/vhdl/seriale_1/seriale2_brd/system.vhd sub00/vhpl20 1662557723
AR ram behavioral /home/ise/vhdl/seriale_1/seriale2_brd/RAM.vhd sub00/vhpl09 1662557712
AR system structural /home/ise/vhdl/seriale_1/seriale2_brd/system.vhd sub00/vhpl21 1662557724
AR encoder dataflow /home/ise/vhdl/seriale_1/seriale2_brd/Encoder_8_3.vhd sub00/vhpl07 1662557710
AR counter_mod8 behavioral /home/ise/vhdl/seriale_1/seriale2_brd/counter_mod8.vhd sub00/vhpl05 1662557708
EN ram NULL /home/ise/vhdl/seriale_1/seriale2_brd/RAM.vhd sub00/vhpl08 1662557711
