AR riconoscitore_sequenza behavioral /home/ise/vhdl/progetti_vhdl_ok/progetto_esame/riconoscitore_sequenza.vhd sub00/vhpl13 1666046957
EN uo_a NULL /home/ise/vhdl/progetti_vhdl_ok/progetto_esame/uo_A.vhd sub00/vhpl22 1666046960
AR nodo_b structural /home/ise/vhdl/progetti_vhdl_ok/progetto_esame/Nodo_B.vhd sub00/vhpl15 1666046969
EN cnt_10 NULL /home/ise/vhdl/progetti_vhdl_ok/progetto_esame/cnt_10.vhd sub00/vhpl10 1666046954
AR uc_input structural /home/ise/vhdl/progetti_vhdl_ok/progetto_esame/uc_input.vhd sub00/vhpl05 1666046963
EN full_box NULL /home/ise/vhdl/progetti_vhdl_ok/progetto_esame/full_box.vhd sub00/vhpl28 1666046974
EN rom NULL /home/ise/vhdl/progetti_vhdl_ok/progetto_esame/ROM.vhd sub00/vhpl00 1666046950
AR rom behavioral /home/ise/vhdl/progetti_vhdl_ok/progetto_esame/ROM.vhd sub00/vhpl01 1666046951
EN cont16 NULL /home/ise/vhdl/progetti_vhdl_ok/progetto_esame/cont_mod4.vhd sub00/vhpl02 1666046952
EN uc_input NULL /home/ise/vhdl/progetti_vhdl_ok/progetto_esame/uc_input.vhd sub00/vhpl04 1666046962
EN nodo_input NULL /home/ise/vhdl/progetti_vhdl_ok/progetto_esame/Nodo_input.vhd sub00/vhpl08 1666046972
EN sr_par NULL /home/ise/vhdl/progetti_vhdl_ok/progetto_esame/sr_par.vhd sub00/vhpl16 1666046946
AR uo_input structural /home/ise/vhdl/progetti_vhdl_ok/progetto_esame/uo_input.vhd sub00/vhpl07 1666046965
AR cnt4 behavioural /home/ise/vhdl/progetti_vhdl_ok/progetto_esame/cnt_mod4.vhd sub00/vhpl19 1666046949
AR cont16 behavioural /home/ise/vhdl/progetti_vhdl_ok/progetto_esame/cont_mod4.vhd sub00/vhpl03 1666046953
EN uc_a NULL /home/ise/vhdl/progetti_vhdl_ok/progetto_esame/uc_A.vhd sub00/vhpl20 1666046958
EN system NULL /home/ise/vhdl/progetti_vhdl_ok/progetto_esame/system.vhd sub00/vhpl26 1666046970
AR uo_a structural /home/ise/vhdl/progetti_vhdl_ok/progetto_esame/uo_A.vhd sub00/vhpl23 1666046961
EN cnt4 NULL /home/ise/vhdl/progetti_vhdl_ok/progetto_esame/cnt_mod4.vhd sub00/vhpl18 1666046948
EN nodo_a NULL /home/ise/vhdl/progetti_vhdl_ok/progetto_esame/Nodo_A.vhd sub00/vhpl24 1666046966
EN nodo_b NULL /home/ise/vhdl/progetti_vhdl_ok/progetto_esame/Nodo_B.vhd sub00/vhpl14 1666046968
AR nodo_a structural /home/ise/vhdl/progetti_vhdl_ok/progetto_esame/Nodo_A.vhd sub00/vhpl25 1666046967
AR system structural /home/ise/vhdl/progetti_vhdl_ok/progetto_esame/system.vhd sub00/vhpl27 1666046971
AR uc_a structural /home/ise/vhdl/progetti_vhdl_ok/progetto_esame/uc_A.vhd sub00/vhpl21 1666046959
AR full_box structural /home/ise/vhdl/progetti_vhdl_ok/progetto_esame/full_box.vhd sub00/vhpl29 1666046975
EN uo_input NULL /home/ise/vhdl/progetti_vhdl_ok/progetto_esame/uo_input.vhd sub00/vhpl06 1666046964
AR sr_par rtl /home/ise/vhdl/progetti_vhdl_ok/progetto_esame/sr_par.vhd sub00/vhpl17 1666046947
AR nodo_input structural /home/ise/vhdl/progetti_vhdl_ok/progetto_esame/Nodo_input.vhd sub00/vhpl09 1666046973
AR cnt_10 behavioural /home/ise/vhdl/progetti_vhdl_ok/progetto_esame/cnt_10.vhd sub00/vhpl11 1666046955
EN riconoscitore_sequenza NULL /home/ise/vhdl/progetti_vhdl_ok/progetto_esame/riconoscitore_sequenza.vhd sub00/vhpl12 1666046956
