EN cont4 NULL /home/ise/vhdl/progetti_vhdl_ok/divisore_nonrestoring/cont_mod4.vhd sub00/vhpl14 1662609396
EN seven_segments_display NULL /home/ise/vhdl/progetti_vhdl_ok/divisore_nonrestoring/Seven_segments_display.vhd sub00/vhpl30 1662609412
EN divisore_nr NULL /home/ise/vhdl/progetti_vhdl_ok/divisore_nonrestoring/Divisore.vhd sub00/vhpl18 1662609408
EN adder_sub NULL /home/ise/vhdl/progetti_vhdl_ok/divisore_nonrestoring/adder_sub.vhd sub00/vhpl10 1662609406
AR ffd behavioural /home/ise/vhdl/progetti_vhdl_ok/divisore_nonrestoring/FFD.vhd sub00/vhpl05 1662609399
AR seven_segments_display structural /home/ise/vhdl/progetti_vhdl_ok/divisore_nonrestoring/Seven_segments_display.vhd sub00/vhpl31 1662609413
EN cathodes_manager NULL /home/ise/vhdl/progetti_vhdl_ok/divisore_nonrestoring/Cathodes_manager.vhd sub00/vhpl26 1662609394
AR divisore behavioral /home/ise/vhdl/progetti_vhdl_ok/divisore_nonrestoring/Divisore.vhd sub00/vhpl13 1662578532
EN buttondebouncer NULL /home/ise/vhdl/progetti_vhdl_ok/divisore_nonrestoring/ButtonDebouncer.vhd sub00/vhpl28 1662609410
EN divisore_freq NULL /home/ise/vhdl/progetti_vhdl_ok/divisore_nonrestoring/Divisore_freq.vhd sub00/vhpl22 1662609390
EN divisore_board NULL /home/ise/vhdl/progetti_vhdl_ok/divisore_nonrestoring/divisore_board.vhd sub00/vhpl32 1662609414
AR registrodivisore behavioural /home/ise/vhdl/progetti_vhdl_ok/divisore_nonrestoring/registro4.vhd sub00/vhpl07 1662609401
AR anodes_manager behavioral /home/ise/vhdl/progetti_vhdl_ok/divisore_nonrestoring/Anodes_manager.vhd sub00/vhpl25 1662609393
AR unita_controllo structural /home/ise/vhdl/progetti_vhdl_ok/divisore_nonrestoring/unita_controllo.vhd sub00/vhpl09 1662609405
AR buttondebouncer behavioral /home/ise/vhdl/progetti_vhdl_ok/divisore_nonrestoring/ButtonDebouncer.vhd sub00/vhpl29 1662609411
EN ffd NULL /home/ise/vhdl/progetti_vhdl_ok/divisore_nonrestoring/FFD.vhd sub00/vhpl04 1662609398
EN counter_mod4 NULL /home/ise/vhdl/progetti_vhdl_ok/divisore_nonrestoring/Contatore_4.vhd sub00/vhpl20 1662609388
AR shift_register behavioural /home/ise/vhdl/progetti_vhdl_ok/divisore_nonrestoring/shift_register.vhd sub00/vhpl17 1662609403
AR divisore_nr behavioral /home/ise/vhdl/progetti_vhdl_ok/divisore_nonrestoring/Divisore.vhd sub00/vhpl19 1662609409
EN unita_controllo NULL /home/ise/vhdl/progetti_vhdl_ok/divisore_nonrestoring/unita_controllo.vhd sub00/vhpl08 1662609404
AR full_adder rtl /home/ise/vhdl/progetti_vhdl_ok/divisore_nonrestoring/full_adder.vhd sub00/vhpl01 1662609385
AR cathodes_manager behavioral /home/ise/vhdl/progetti_vhdl_ok/divisore_nonrestoring/Cathodes_manager.vhd sub00/vhpl27 1662609395
AR divisore_freq behavioral /home/ise/vhdl/progetti_vhdl_ok/divisore_nonrestoring/Divisore_freq.vhd sub00/vhpl23 1662609391
EN full_adder NULL /home/ise/vhdl/progetti_vhdl_ok/divisore_nonrestoring/full_adder.vhd sub00/vhpl00 1662609384
AR adder_sub structural /home/ise/vhdl/progetti_vhdl_ok/divisore_nonrestoring/adder_sub.vhd sub00/vhpl11 1662609407
EN shift_register NULL /home/ise/vhdl/progetti_vhdl_ok/divisore_nonrestoring/shift_register.vhd sub00/vhpl16 1662609402
AR divisore_board structural /home/ise/vhdl/progetti_vhdl_ok/divisore_nonrestoring/divisore_board.vhd sub00/vhpl33 1662609415
AR counter_mod4 behavioral /home/ise/vhdl/progetti_vhdl_ok/divisore_nonrestoring/Contatore_4.vhd sub00/vhpl21 1662609389
EN anodes_manager NULL /home/ise/vhdl/progetti_vhdl_ok/divisore_nonrestoring/Anodes_manager.vhd sub00/vhpl24 1662609392
EN divisore NULL /home/ise/vhdl/progetti_vhdl_ok/divisore_nonrestoring/Divisore.vhd sub00/vhpl12 1662578531
EN registrodivisore NULL /home/ise/vhdl/progetti_vhdl_ok/divisore_nonrestoring/registro4.vhd sub00/vhpl06 1662609400
AR cont4 behavioural /home/ise/vhdl/progetti_vhdl_ok/divisore_nonrestoring/cont_mod4.vhd sub00/vhpl15 1662609397
AR ripple_carry structural /home/ise/vhdl/progetti_vhdl_ok/divisore_nonrestoring/ripple_carry.vhd sub00/vhpl03 1662609387
EN ripple_carry NULL /home/ise/vhdl/progetti_vhdl_ok/divisore_nonrestoring/ripple_carry.vhd sub00/vhpl02 1662609386
