EN counter_address NULL /home/ise/vhdl/progetti_vhdl_ok/contatore_intertempi/Counter_address.vhd sub00/vhpl26 1662653324
AR cron_int_board structural /home/ise/vhdl/progetti_vhdl_ok/contatore_intertempi/contatore_int_board.vhd sub00/vhpl33 1662653331
EN seven_segments_display NULL /home/ise/vhdl/progetti_vhdl_ok/contatore_intertempi/Seven_segments_display.vhd sub00/vhpl22 1662653320
AR counter_address behavioral /home/ise/vhdl/progetti_vhdl_ok/contatore_intertempi/Counter_address.vhd sub00/vhpl27 1662653325
AR contatore_60 structural /home/ise/vhdl/progetti_vhdl_ok/contatore_intertempi/Contatore_60.vhd sub00/vhpl11 1662653309
EN codificatore NULL /home/ise/vhdl/progetti_vhdl_ok/contatore_intertempi/codificatore.vhd sub00/vhpl24 1662653322
EN cathodes_manager NULL /home/ise/vhdl/progetti_vhdl_ok/contatore_intertempi/Cathodes_manager.vhd sub00/vhpl08 1662653306
AR seven_segments_display structural /home/ise/vhdl/progetti_vhdl_ok/contatore_intertempi/Seven_segments_display.vhd sub00/vhpl23 1662653321
EN contatore_24 NULL /home/ise/vhdl/progetti_vhdl_ok/contatore_intertempi/Contatore_24.vhd sub00/vhpl12 1662653310
EN buttondebouncer NULL /home/ise/vhdl/progetti_vhdl_ok/contatore_intertempi/ButtonDebouncer.vhd sub00/vhpl18 1662653316
EN divisore_freq NULL /home/ise/vhdl/progetti_vhdl_ok/contatore_intertempi/Divisore_freq.vhd sub00/vhpl04 1662653302
EN contatore_60 NULL /home/ise/vhdl/progetti_vhdl_ok/contatore_intertempi/Contatore_60.vhd sub00/vhpl10 1662653308
AR anodes_manager behavioral /home/ise/vhdl/progetti_vhdl_ok/contatore_intertempi/Anodes_manager.vhd sub00/vhpl07 1662653305
AR buttondebouncer behavioral /home/ise/vhdl/progetti_vhdl_ok/contatore_intertempi/ButtonDebouncer.vhd sub00/vhpl19 1662653317
AR demux_1_4 dataflow /home/ise/vhdl/progetti_vhdl_ok/contatore_intertempi/demux.vhd sub00/vhpl15 1662653313
EN controllorei NULL /home/ise/vhdl/progetti_vhdl_ok/contatore_intertempi/ControlloreI.vhd sub00/vhpl28 1662653328
EN counter_mod4 NULL /home/ise/vhdl/progetti_vhdl_ok/contatore_intertempi/Contatore_4.vhd sub00/vhpl02 1662653300
EN fft NULL /home/ise/vhdl/progetti_vhdl_ok/contatore_intertempi/FFT.vhd sub00/vhpl00 1662653298
AR controllorei behavioral /home/ise/vhdl/progetti_vhdl_ok/contatore_intertempi/ControlloreI.vhd sub00/vhpl29 1662653329
AR codificatore behavioral /home/ise/vhdl/progetti_vhdl_ok/contatore_intertempi/codificatore.vhd sub00/vhpl25 1662653323
EN demux_1_4 NULL /home/ise/vhdl/progetti_vhdl_ok/contatore_intertempi/demux.vhd sub00/vhpl14 1662653312
AR ram behavioral /home/ise/vhdl/progetti_vhdl_ok/contatore_intertempi/RAM.vhd sub00/vhpl21 1662653319
AR fft behavioral /home/ise/vhdl/progetti_vhdl_ok/contatore_intertempi/FFT.vhd sub00/vhpl01 1662653299
AR cathodes_manager behavioral /home/ise/vhdl/progetti_vhdl_ok/contatore_intertempi/Cathodes_manager.vhd sub00/vhpl09 1662653307
AR divisore_freq behavioral /home/ise/vhdl/progetti_vhdl_ok/contatore_intertempi/Divisore_freq.vhd sub00/vhpl05 1662653303
AR contatore_24 structural /home/ise/vhdl/progetti_vhdl_ok/contatore_intertempi/Contatore_24.vhd sub00/vhpl13 1662653311
EN orologio_hh_mm_ss NULL /home/ise/vhdl/progetti_vhdl_ok/contatore_intertempi/Orologio_hh_mm_ss.vhd sub00/vhpl16 1662653314
EN mux NULL /home/ise/vhdl/progetti_vhdl_ok/contatore_intertempi/mux_2_1.vhd sub00/vhpl31 1662653326
EN cron_int_board NULL /home/ise/vhdl/progetti_vhdl_ok/contatore_intertempi/contatore_int_board.vhd sub00/vhpl30 1662653330
EN ram NULL /home/ise/vhdl/progetti_vhdl_ok/contatore_intertempi/RAM.vhd sub00/vhpl20 1662653318
AR counter_mod4 behavioral /home/ise/vhdl/progetti_vhdl_ok/contatore_intertempi/Contatore_4.vhd sub00/vhpl03 1662653301
EN anodes_manager NULL /home/ise/vhdl/progetti_vhdl_ok/contatore_intertempi/Anodes_manager.vhd sub00/vhpl06 1662653304
AR mux dataflow /home/ise/vhdl/progetti_vhdl_ok/contatore_intertempi/mux_2_1.vhd sub00/vhpl32 1662653327
AR orologio_hh_mm_ss structural /home/ise/vhdl/progetti_vhdl_ok/contatore_intertempi/Orologio_hh_mm_ss.vhd sub00/vhpl17 1662653315
