V3 67
FL /home/ise/vhdl/progetti_vhdl_ok/contatore_intertempi/Anodes_manager.vhd 2022/03/07.16:48:31 P.20131013
EN work/Anodes_manager 1662653304 \
      FL /home/ise/vhdl/progetti_vhdl_ok/contatore_intertempi/Anodes_manager.vhd \
      PB ieee/std_logic_1164 1381692176
AR work/Anodes_manager/Behavioral 1662653305 \
      FL /home/ise/vhdl/progetti_vhdl_ok/contatore_intertempi/Anodes_manager.vhd \
      EN work/Anodes_manager 1662653304
FL /home/ise/vhdl/progetti_vhdl_ok/contatore_intertempi/ButtonDebouncer.vhd 2022/09/15.07:46:32 P.20131013
EN work/ButtonDebouncer 1662653316 \
      FL /home/ise/vhdl/progetti_vhdl_ok/contatore_intertempi/ButtonDebouncer.vhd \
      PB ieee/std_logic_1164 1381692176 PB ieee/NUMERIC_STD 1381692181
AR work/ButtonDebouncer/Behavioral 1662653317 \
      FL /home/ise/vhdl/progetti_vhdl_ok/contatore_intertempi/ButtonDebouncer.vhd \
      EN work/ButtonDebouncer 1662653316
FL /home/ise/vhdl/progetti_vhdl_ok/contatore_intertempi/Cathodes_manager.vhd 2022/03/07.13:49:44 P.20131013
EN work/Cathodes_manager 1662653306 \
      FL /home/ise/vhdl/progetti_vhdl_ok/contatore_intertempi/Cathodes_manager.vhd \
      PB ieee/std_logic_1164 1381692176
AR work/Cathodes_manager/Behavioral 1662653307 \
      FL /home/ise/vhdl/progetti_vhdl_ok/contatore_intertempi/Cathodes_manager.vhd \
      EN work/Cathodes_manager 1662653306
FL /home/ise/vhdl/progetti_vhdl_ok/contatore_intertempi/codificatore.vhd 2022/03/07.13:48:58 P.20131013
EN work/codificatore 1662653322 \
      FL /home/ise/vhdl/progetti_vhdl_ok/contatore_intertempi/codificatore.vhd \
      PB ieee/std_logic_1164 1381692176
AR work/codificatore/Behavioral 1662653323 \
      FL /home/ise/vhdl/progetti_vhdl_ok/contatore_intertempi/codificatore.vhd \
      EN work/codificatore 1662653322
FL /home/ise/vhdl/progetti_vhdl_ok/contatore_intertempi/Contatore_24.vhd 2022/03/07.15:18:20 P.20131013
EN work/Contatore_24 1662653310 \
      FL /home/ise/vhdl/progetti_vhdl_ok/contatore_intertempi/Contatore_24.vhd \
      PB ieee/std_logic_1164 1381692176
AR work/Contatore_24/Structural 1662653311 \
      FL /home/ise/vhdl/progetti_vhdl_ok/contatore_intertempi/Contatore_24.vhd \
      EN work/Contatore_24 1662653310 CP FFT
FL /home/ise/vhdl/progetti_vhdl_ok/contatore_intertempi/Contatore_4.vhd 2022/03/07.14:59:36 P.20131013
EN work/counter_mod4 1662653300 \
      FL /home/ise/vhdl/progetti_vhdl_ok/contatore_intertempi/Contatore_4.vhd \
      PB ieee/std_logic_1164 1381692176 PB ieee/NUMERIC_STD 1381692181
AR work/counter_mod4/Behavioral 1662653301 \
      FL /home/ise/vhdl/progetti_vhdl_ok/contatore_intertempi/Contatore_4.vhd \
      EN work/counter_mod4 1662653300
FL /home/ise/vhdl/progetti_vhdl_ok/contatore_intertempi/Contatore_60.vhd 2022/03/07.15:17:44 P.20131013
EN work/Contatore_60 1662653308 \
      FL /home/ise/vhdl/progetti_vhdl_ok/contatore_intertempi/Contatore_60.vhd \
      PB ieee/std_logic_1164 1381692176
AR work/Contatore_60/Structural 1662653309 \
      FL /home/ise/vhdl/progetti_vhdl_ok/contatore_intertempi/Contatore_60.vhd \
      EN work/Contatore_60 1662653308 CP FFT
FL /home/ise/vhdl/progetti_vhdl_ok/contatore_intertempi/contatore_int_board.vhd 2022/09/15.07:46:55 P.20131013
EN work/cron_int_board 1662653330 \
      FL /home/ise/vhdl/progetti_vhdl_ok/contatore_intertempi/contatore_int_board.vhd \
      PB ieee/std_logic_1164 1381692176
AR work/cron_int_board/Structural 1662653331 \
      FL /home/ise/vhdl/progetti_vhdl_ok/contatore_intertempi/contatore_int_board.vhd \
      EN work/cron_int_board 1662653330 CP DEMUX_1_4 CP Divisore_freq \
      CP Orologio_hh_mm_ss CP ButtonDebouncer CP RAM CP Seven_segments_display \
      CP codificatore CP Counter_address CP mux CP ControlloreI
FL /home/ise/vhdl/progetti_vhdl_ok/contatore_intertempi/ControlloreI.vhd 2022/03/07.16:38:54 P.20131013
EN work/ControlloreI 1662653328 \
      FL /home/ise/vhdl/progetti_vhdl_ok/contatore_intertempi/ControlloreI.vhd \
      PB ieee/std_logic_1164 1381692176
AR work/ControlloreI/Behavioral 1662653329 \
      FL /home/ise/vhdl/progetti_vhdl_ok/contatore_intertempi/ControlloreI.vhd \
      EN work/ControlloreI 1662653328
FL /home/ise/vhdl/progetti_vhdl_ok/contatore_intertempi/Counter_address.vhd 2022/09/15.07:43:55 P.20131013
EN work/Counter_address 1662653324 \
      FL /home/ise/vhdl/progetti_vhdl_ok/contatore_intertempi/Counter_address.vhd \
      PB ieee/std_logic_1164 1381692176 PB ieee/NUMERIC_STD 1381692181
AR work/Counter_address/Behavioral 1662653325 \
      FL /home/ise/vhdl/progetti_vhdl_ok/contatore_intertempi/Counter_address.vhd \
      EN work/Counter_address 1662653324
FL /home/ise/vhdl/progetti_vhdl_ok/contatore_intertempi/demux.vhd 2022/03/06.10:59:32 P.20131013
EN work/DEMUX_1_4 1662653312 \
      FL /home/ise/vhdl/progetti_vhdl_ok/contatore_intertempi/demux.vhd \
      PB ieee/std_logic_1164 1381692176
AR work/DEMUX_1_4/Dataflow 1662653313 \
      FL /home/ise/vhdl/progetti_vhdl_ok/contatore_intertempi/demux.vhd \
      EN work/DEMUX_1_4 1662653312
FL /home/ise/vhdl/progetti_vhdl_ok/contatore_intertempi/Divisore_freq.vhd 2022/03/06.11:47:48 P.20131013
EN work/Divisore_freq 1662653302 \
      FL /home/ise/vhdl/progetti_vhdl_ok/contatore_intertempi/Divisore_freq.vhd \
      PB ieee/std_logic_1164 1381692176
AR work/Divisore_freq/Behavioral 1662653303 \
      FL /home/ise/vhdl/progetti_vhdl_ok/contatore_intertempi/Divisore_freq.vhd \
      EN work/Divisore_freq 1662653302
FL /home/ise/vhdl/progetti_vhdl_ok/contatore_intertempi/FFT.vhd 2021/12/04.10:29:33 P.20131013
EN work/FFT 1662653298 \
      FL /home/ise/vhdl/progetti_vhdl_ok/contatore_intertempi/FFT.vhd \
      PB ieee/std_logic_1164 1381692176
AR work/FFT/Behavioral 1662653299 \
      FL /home/ise/vhdl/progetti_vhdl_ok/contatore_intertempi/FFT.vhd EN work/FFT 1662653298
FL /home/ise/vhdl/progetti_vhdl_ok/contatore_intertempi/mux_2_1.vhd 2022/09/14.17:36:32 P.20131013
EN work/mux 1662653326 \
      FL /home/ise/vhdl/progetti_vhdl_ok/contatore_intertempi/mux_2_1.vhd \
      PB ieee/std_logic_1164 1381692176
AR work/mux/Dataflow 1662653327 \
      FL /home/ise/vhdl/progetti_vhdl_ok/contatore_intertempi/mux_2_1.vhd \
      EN work/mux 1662653326
FL /home/ise/vhdl/progetti_vhdl_ok/contatore_intertempi/Orologio_hh_mm_ss.vhd 2022/09/14.10:05:57 P.20131013
EN work/Orologio_hh_mm_ss 1662653314 \
      FL /home/ise/vhdl/progetti_vhdl_ok/contatore_intertempi/Orologio_hh_mm_ss.vhd \
      PB ieee/std_logic_1164 1381692176
AR work/Orologio_hh_mm_ss/Structural 1662653315 \
      FL /home/ise/vhdl/progetti_vhdl_ok/contatore_intertempi/Orologio_hh_mm_ss.vhd \
      EN work/Orologio_hh_mm_ss 1662653314 CP Contatore_60 CP Contatore_24
FL /home/ise/vhdl/progetti_vhdl_ok/contatore_intertempi/RAM.vhd 2022/09/15.07:40:23 P.20131013
EN work/RAM 1662653318 \
      FL /home/ise/vhdl/progetti_vhdl_ok/contatore_intertempi/RAM.vhd \
      PB ieee/std_logic_1164 1381692176 PB ieee/STD_LOGIC_UNSIGNED 1381692179
AR work/RAM/Behavioral 1662653319 \
      FL /home/ise/vhdl/progetti_vhdl_ok/contatore_intertempi/RAM.vhd EN work/RAM 1662653318
FL /home/ise/vhdl/progetti_vhdl_ok/contatore_intertempi/Seven_segments_display.vhd 2022/03/07.14:59:29 P.20131013
EN work/Seven_segments_display 1662653320 \
      FL /home/ise/vhdl/progetti_vhdl_ok/contatore_intertempi/Seven_segments_display.vhd \
      PB ieee/std_logic_1164 1381692176
AR work/Seven_segments_display/Structural 1662653321 \
      FL /home/ise/vhdl/progetti_vhdl_ok/contatore_intertempi/Seven_segments_display.vhd \
      EN work/Seven_segments_display 1662653320 CP counter_mod4 CP Divisore_freq \
      CP Anodes_manager CP Cathodes_manager
