EN seven_segments_display NULL /home/ise/vhdl/progetti_vhdl_ok/Orologio5.2/Seven_segments_display.vhd sub00/vhpl20 1662630533
AR contatore_60 structural /home/ise/vhdl/progetti_vhdl_ok/Orologio5.2/Contatore_60.vhd sub00/vhpl13 1662630520
EN codificatore NULL /home/ise/vhdl/progetti_vhdl_ok/Orologio5.2/codificatore.vhd sub00/vhpl24 1662630525
AR convertitore_display behavioral /home/ise/vhdl/progetti_vhdl_ok/Orologio5.2/Convertitore_display.vhd sub00/vhpl07 1646436059
EN cathodes_manager NULL /home/ise/vhdl/progetti_vhdl_ok/Orologio5.2/Cathodes_manager.vhd sub00/vhpl10 1662630517
AR seven_segments_display structural /home/ise/vhdl/progetti_vhdl_ok/Orologio5.2/Seven_segments_display.vhd sub00/vhpl21 1662630534
EN contatore_24 NULL /home/ise/vhdl/progetti_vhdl_ok/Orologio5.2/Contatore_24.vhd sub00/vhpl14 1662630521
EN convertitore_display NULL /home/ise/vhdl/progetti_vhdl_ok/Orologio5.2/Convertitore_display.vhd sub00/vhpl06 1646436058
EN buttondebouncer NULL /home/ise/vhdl/progetti_vhdl_ok/Orologio5.2/ButtonDebouncer.vhd sub00/vhpl30 1662630523
EN divisore_freq NULL /home/ise/vhdl/progetti_vhdl_ok/Orologio5.2/Divisore_freq.vhd sub00/vhpl04 1662630513
AR orologio_board structural /home/ise/vhdl/progetti_vhdl_ok/Orologio5.2/Orologio_board.vhd sub00/vhpl23 1662630536
EN contatore_60 NULL /home/ise/vhdl/progetti_vhdl_ok/Orologio5.2/Contatore_60.vhd sub00/vhpl12 1662630519
AR anodes_manager behavioral /home/ise/vhdl/progetti_vhdl_ok/Orologio5.2/Anodes_manager.vhd sub00/vhpl09 1662630516
AR contatore_4 structural /home/ise/vhdl/progetti_vhdl_ok/Orologio5.2/Contatore_4.vhd sub00/vhpl03 1646663426
AR buttondebouncer behavioral /home/ise/vhdl/progetti_vhdl_ok/Orologio5.2/ButtonDebouncer.vhd sub00/vhpl31 1662630524
AR demux_1_4 dataflow /home/ise/vhdl/progetti_vhdl_ok/Orologio5.2/demux.vhd sub00/vhpl17 1662630530
EN contatore_4 NULL /home/ise/vhdl/progetti_vhdl_ok/Orologio5.2/Contatore_4.vhd sub00/vhpl02 1646663425
EN controllorei NULL /home/ise/vhdl/progetti_vhdl_ok/Orologio5.2/ControlloreI.vhd sub00/vhpl28 1662630527
EN counter_mod4 NULL /home/ise/vhdl/progetti_vhdl_ok/Orologio5.2/Contatore_4.vhd sub00/vhpl26 1662630511
EN fft NULL /home/ise/vhdl/progetti_vhdl_ok/Orologio5.2/FFT.vhd sub00/vhpl00 1662630509
AR controllorei behavioral /home/ise/vhdl/progetti_vhdl_ok/Orologio5.2/ControlloreI.vhd sub00/vhpl29 1662630528
AR codificatore behavioral /home/ise/vhdl/progetti_vhdl_ok/Orologio5.2/codificatore.vhd sub00/vhpl25 1662630526
EN demux_1_4 NULL /home/ise/vhdl/progetti_vhdl_ok/Orologio5.2/demux.vhd sub00/vhpl16 1662630529
AR fft behavioral /home/ise/vhdl/progetti_vhdl_ok/Orologio5.2/FFT.vhd sub00/vhpl01 1662630510
AR cathodes_manager behavioral /home/ise/vhdl/progetti_vhdl_ok/Orologio5.2/Cathodes_manager.vhd sub00/vhpl11 1662630518
AR divisore_freq behavioral /home/ise/vhdl/progetti_vhdl_ok/Orologio5.2/Divisore_freq.vhd sub00/vhpl05 1662630514
AR contatore_24 structural /home/ise/vhdl/progetti_vhdl_ok/Orologio5.2/Contatore_24.vhd sub00/vhpl15 1662630522
EN orologio_hh_mm_ss NULL /home/ise/vhdl/progetti_vhdl_ok/Orologio5.2/Orologio_hh_mm_ss.vhd sub00/vhpl18 1662630531
AR counter_mod4 behavioral /home/ise/vhdl/progetti_vhdl_ok/Orologio5.2/Contatore_4.vhd sub00/vhpl27 1662630512
EN anodes_manager NULL /home/ise/vhdl/progetti_vhdl_ok/Orologio5.2/Anodes_manager.vhd sub00/vhpl08 1662630515
EN orologio_board NULL /home/ise/vhdl/progetti_vhdl_ok/Orologio5.2/Orologio_board.vhd sub00/vhpl22 1662630535
AR orologio_hh_mm_ss structural /home/ise/vhdl/progetti_vhdl_ok/Orologio5.2/Orologio_hh_mm_ss.vhd sub00/vhpl19 1662630532
